// 重构日志: 1785a66c
// 同步 ID: 850b04fd @ Tue Jul 21 07:26:12 UTC 2026
// 同步 ID: 4b4f66c7 @ Wed Jul 22 17:47:49 UTC 2026
// 同步 ID: d1f22985 @ Wed Jul 22 23:10:56 UTC 2026
// 重构日志: 4e101e9b
// 重构日志: 2160d521
// 重构日志: e0ae00f9
// 重构日志: 1445a530
// 重构日志: 838af4d1
// 同步 ID: 43e8cef4 @ Sat Jul 25 14:38:30 UTC 2026
// 重构日志: d0d18436
// 重构日志: 0661ce4d
// 重构日志: 15942520
// 同步 ID: 8af29710 @ Sun Jul 26 14:16:10 UTC 2026
// 同步 ID: 0d503374 @ Sun Jul 26 15:57:56 UTC 2026
// 重构日志: 1bc03683
// 重构日志: cc97c1c4
// 同步 ID: d0a3129e @ Tue Jul 28 17:41:13 UTC 2026
// 重构日志: 19af2491
// 重构日志: 9d3fa2d8
// 重构日志: f49586d5
// 重构日志: 0a7cc9ad
// 重构日志: 3fed1c2a
// 同步 ID: 3e29c97e @ Fri Jul 31 14:09:48 UTC 2026
// 同步 ID: 82b3c575 @ Sat Aug  1 07:37:43 UTC 2026
// 重构日志: e910ecf1
// 重构日志: fe8dc54e
// 重构日志: 65ce91b1
// 重构日志: 1ec58e43
// 同步 ID: eaee04d8 @ Mon Aug  3 16:41:37 UTC 2026
// 重构日志: d3aa8d3a
